// Jest Snapshot v1, https://goo.gl/fbAQLP

exports[`Header component renders the component as expected 1`] = `
Array [
  <nav
    className="Header"
  >
    <h1>
      <a
        href="/"
        onClick={[Function]}
      >
         
        BookNation
      </a>
    </h1>
    <span
      className="Header__tagline--wide"
    >
      Reviews by book lovers
    </span>
    <div
      className="Header__not-logged-in"
    >
      <a
        href="/login"
        onClick={[Function]}
      >
        Log in
      </a>
      <a
        href="/register"
        onClick={[Function]}
      >
        Register
      </a>
    </div>
  </nav>,
  <span
    className="Header__tagline--narrow"
  >
    Rate all the books.
  </span>,
]
`;
